$ qemu-system-arm -M lm3s6965evb -nographic -monitor none -serial none -semihosting-config enable=on,target=native -kernel build/baremetal_a4.elf
QEMU emulator version 8.2.2 (Debian 1:8.2.2+ds-0ubuntu1.18)
   text	   data	    bss	    dec	    hex	filename
   9252	      0	  46216	  55468	   d8ac	build/baremetal_a4.elf
Timer with period zero, disabling
TLSF bare-metal test, Cortex-M3 (lm3s6965evb), TLSF_ALIGN=4 HDR=8 MIN_BLOCK=16 CTRL=1036 sizeof(void*)=4
[ RUN  ] t_init
[  OK  ] t_init
[ RUN  ] t_alignment
[  OK  ] t_alignment
[ RUN  ] t_split_coalesce
[  OK  ] t_split_coalesce
[ RUN  ] t_exhaustion
  size 1: 1470 allocations until exhaustion, fully recovered
  size 200: 113 allocations until exhaustion, fully recovered
[  OK  ] t_exhaustion
[ RUN  ] t_independent
[  OK  ] t_independent
[ RUN  ] t_fit_invariant
  successful fits 11856, good-fit rejections 2240
[  OK  ] t_fit_invariant
[ RUN  ] t_stress
  seed 0xC0FFEE, 16 KiB heap: ops=30000 allocs=14974 failed_allocs=101
[  OK  ] t_stress
85257 checks, 0 failures
BAREMETAL PASS
qemu exit code: 0
